install

#1
$ sudo apt-get install gnupg
#2
$ wget -qO - https://www.mongodb.org/static/pgp/server-5.0.asc | sudo apt-key add -
#3
echo "deb http://repo.mongodb.org/apt/debian buster/mongodb-org/5.0 main" | $ sudo tee /etc/apt/sources.list.d/mongodb-org-5.0.list
#4
$ sudo apt-get update
#5
$ sudo apt-get install -y mongodb-org
#6

run
- start mongodb
$ sudo systemctl start mongod

if error
$ sudo systemctl daemon-reload
rerun

- verify that mongodb has started successfully
$ sudo systemctl status mongod

- stop mongoDB
$ sudo systemctl stop mongod

-restart mongDB
$ sudo systemctl restart mongod

- begin using mondoDB
$ mongosh

- remove mongoDB packages
$ sudo apt-get purge mongodb-org*

- remove data directories
$ sudo rm -r /var/log/mongodb
$ sudo rm -r /var/lib/mongodb

